// Jest Snapshot v1, https://goo.gl/fbAQLP

exports[`Hides modal 1`] = `
Object {
  "isModalVisible": false,
  "type": "HIDE_MODAL",
}
`;
